// Jest Snapshot v1, https://goo.gl/fbAQLP

exports[`<PublicationCard> SnapShot Test should keep producing consistent result. 1`] = `
<div
  className="MuiPaper-root MuiPaper-outlined MuiPaper-rounded MuiCard-root css-1v5z4dq-MuiPaper-root-MuiCard-root"
>
  <div
    className="MuiCardContent-root css-46bh2p-MuiCardContent-root"
  >
    <div
      className="MuiStack-root css-1sazv7p-MuiStack-root"
    >
      <div
        data-testid="az-citation-body"
      >
        <header>
          Citation.
        </header>
      </div>
      <div
        data-testid="az-citation-references"
      >
        <div
          className="MuiPaper-root MuiPaper-elevation MuiPaper-rounded MuiPaper-elevation1 MuiAccordion-root MuiAccordion-rounded MuiAccordion-gutters css-1yzeyp9-MuiPaper-root-MuiAccordion-root"
        >
          <div
            aria-expanded={false}
            className="MuiButtonBase-root MuiAccordionSummary-root MuiAccordionSummary-gutters css-4pup92-MuiButtonBase-root-MuiAccordionSummary-root"
            onBlur={[Function]}
            onClick={[Function]}
            onContextMenu={[Function]}
            onDragLeave={[Function]}
            onFocus={[Function]}
            onKeyDown={[Function]}
            onKeyUp={[Function]}
            onMouseDown={[Function]}
            onMouseLeave={[Function]}
            onMouseUp={[Function]}
            onTouchEnd={[Function]}
            onTouchMove={[Function]}
            onTouchStart={[Function]}
            role="button"
            tabIndex={0}
          >
            <div
              className="MuiAccordionSummary-content MuiAccordionSummary-contentGutters css-18x7tpe-MuiAccordionSummary-content"
            >
              <p
                className="MuiTypography-root MuiTypography-body1 css-45zogx-MuiTypography-root"
              >
                Bibtex
              </p>
            </div>
          </div>
          <div
            className="MuiCollapse-root MuiCollapse-vertical MuiCollapse-hidden css-bz4dnt-MuiCollapse-root"
            style={
              {
                "minHeight": "0px",
              }
            }
          >
            <div
              className="MuiCollapse-wrapper MuiCollapse-vertical css-smkl36-MuiCollapse-wrapper"
            >
              <div
                className="MuiCollapse-wrapperInner MuiCollapse-vertical css-9l5vo-MuiCollapse-wrapperInner"
              >
                <div
                  className="MuiAccordion-region"
                  role="region"
                >
                  <div
                    className="MuiAccordionDetails-root css-15v22id-MuiAccordionDetails-root"
                  >
                    <div
                      data-testid="citation-box"
                    >
                      <button
                        className="MuiButtonBase-root MuiIconButton-root MuiIconButton-sizeMedium css-78trlr-MuiButtonBase-root-MuiIconButton-root"
                        disabled={false}
                        onBlur={[Function]}
                        onClick={[Function]}
                        onContextMenu={[Function]}
                        onDragLeave={[Function]}
                        onFocus={[Function]}
                        onKeyDown={[Function]}
                        onKeyUp={[Function]}
                        onMouseDown={[Function]}
                        onMouseLeave={[Function]}
                        onMouseUp={[Function]}
                        onTouchEnd={[Function]}
                        onTouchMove={[Function]}
                        onTouchStart={[Function]}
                        tabIndex={0}
                        type="button"
                      >
                        <svg
                          aria-hidden={true}
                          className="MuiSvgIcon-root MuiSvgIcon-fontSizeMedium css-i4bv87-MuiSvgIcon-root"
                          focusable="false"
                          viewBox="0 0 24 24"
                        >
                          <path
                            d="M19,21H8V7H19M19,5H8A2,2 0 0,0 6,7V21A2,2 0 0,0 8,23H19A2,2 0 0,0 21,21V7A2,2 0 0,0 19,5M16,1H4A2,2 0 0,0 2,3V17H4V3H16V1Z"
                          />
                        </svg>
                      </button>
                      <pre
                        dangerouslySetInnerHTML={
                          {
                            "__html": "@article zabardast2023automated This is interesting",
                          }
                        }
                        style={
                          {
                            "overflowX": "auto",
                          }
                        }
                      />
                    </div>
                  </div>
                </div>
              </div>
            </div>
          </div>
        </div>
      </div>
    </div>
  </div>
</div>
`;
